Line '1'
Directive 'file' '"test.c"'
Line '2'
Directive 'text' ''
Line '3'
Directive 'globl' 'sum'
Line '4'
Directive 'type' 'sum, @function'
Line '5'
Label 'sum'
Line '6'
Label '.LFB2'
Line '7'
Instruction 'pushq'
  Operand '%rbp'
Line '8'
Label '.LCFI0'
Line '9'
Instruction 'movq'
  Operand '%rsp'
  Operand '%rbp'
Line '10'
Label '.LCFI1'
Line '11'
Instruction 'movsd'
  Operand '%xmm0'
  Operand '-8(%rbp)'
Line '12'
Instruction 'movsd'
  Operand '%xmm1'
  Operand '-16(%rbp)'
Line '13'
Instruction 'movsd'
  Operand '-8(%rbp)'
  Operand '%xmm0'
Line '14'
Instruction 'addsd'
  Operand '-16(%rbp)'
  Operand '%xmm0'
Line '15'
Instruction 'leave'
Line '16'
Instruction 'ret'
Line '17'
Label '.LFE2'
Line '18'
Directive 'size' 'sum, .-sum'
Line '19'
Directive 'section' '.eh_frame,"a",@progbits'
Line '20'
Label '.Lframe1'
Line '21'
Data (8) '-(.LECIE1,.LSCIE1)'
Line '22'
Label '.LSCIE1'
Line '23'
Data (8) '0'
Line '24'
Data (1) '1'
Line '25'
Directive 'string' '"zR"'
Line '26'
Directive 'uleb128' '0x1'
Line '27'
Directive 'sleb128' '-8'
Line '28'
Data (1) '16'
Line '29'
Directive 'uleb128' '0x1'
Line '30'
Data (1) '3'
Line '31'
Data (1) '12'
Line '32'
Directive 'uleb128' '0x7'
Line '33'
Directive 'uleb128' '0x8'
Line '34'
Data (1) '144'
Line '35'
Directive 'uleb128' '0x1'
Line '36'
Directive 'align' '8'
Line '37'
Label '.LECIE1'
Line '38'
Label '.LSFDE1'
Line '39'
Data (8) '-(.LEFDE1,.LASFDE1)'
Line '40'
Label '.LASFDE1'
Line '41'
Data (8) '-(.LASFDE1,.Lframe1)'
Line '42'
Data (8) '.LFB2'
Line '43'
Data (8) '-(.LFE2,.LFB2)'
Line '44'
Directive 'uleb128' '0x0'
Line '45'
Data (1) '4'
Line '46'
Data (8) '-(.LCFI0,.LFB2)'
Line '47'
Data (1) '14'
Line '48'
Directive 'uleb128' '0x10'
Line '49'
Data (1) '134'
Line '50'
Directive 'uleb128' '0x2'
Line '51'
Data (1) '4'
Line '52'
Data (8) '-(.LCFI1,.LCFI0)'
Line '53'
Data (1) '13'
Line '54'
Directive 'uleb128' '0x6'
Line '55'
Directive 'align' '8'
Line '56'
Label '.LEFDE1'
Line '57'
Directive 'ident' '"GCC: (Ubuntu 4.3.2-1ubuntu11) 4.3.2"'
Line '58'
Directive 'section' '.note.GNU-stack,"",@progbits'
