Directive 'file' '"test.c"'
Directive 'text' ''
Directive 'globl' 'sum'
Directive 'type' 'sum, @function'
Label 'sum'
Label '.LFB2'
Instruction 'pushq'
  Operand '%rbp'
Label '.LCFI0'
Instruction 'movq'
  Operand '%rsp'
  Operand '%rbp'
Label '.LCFI1'
Instruction 'movsd'
  Operand '%xmm0'
  Operand '-8(%rbp)'
Instruction 'movsd'
  Operand '%xmm1'
  Operand '-16(%rbp)'
Instruction 'movsd'
  Operand '-8(%rbp)'
  Operand '%xmm0'
Instruction 'addsd'
  Operand '-16(%rbp)'
  Operand '%xmm0'
Instruction 'leave'
Instruction 'ret'
Label '.LFE2'
Directive 'size' 'sum, .-sum'
Directive 'section' '.eh_frame,"a",@progbits'
Label '.Lframe1'
Data (8) '-(.LECIE1,.LSCIE1)'
Label '.LSCIE1'
Data (8) '0'
Data (1) '1'
Directive 'string' '"zR"'
Directive 'uleb128' '0x1'
Directive 'sleb128' '-8'
Data (1) '16'
Directive 'uleb128' '0x1'
Data (1) '3'
Data (1) '12'
Directive 'uleb128' '0x7'
Directive 'uleb128' '0x8'
Data (1) '144'
Directive 'uleb128' '0x1'
Directive 'align' '8'
Label '.LECIE1'
Label '.LSFDE1'
Data (8) '-(.LEFDE1,.LASFDE1)'
Label '.LASFDE1'
Data (8) '-(.LASFDE1,.Lframe1)'
Data (8) '.LFB2'
Data (8) '-(.LFE2,.LFB2)'
Directive 'uleb128' '0x0'
Data (1) '4'
Data (8) '-(.LCFI0,.LFB2)'
Data (1) '14'
Directive 'uleb128' '0x10'
Data (1) '134'
Directive 'uleb128' '0x2'
Data (1) '4'
Data (8) '-(.LCFI1,.LCFI0)'
Data (1) '13'
Directive 'uleb128' '0x6'
Directive 'align' '8'
Label '.LEFDE1'
Directive 'ident' '"GCC: (Ubuntu 4.3.2-1ubuntu11) 4.3.2"'
Directive 'section' '.note.GNU-stack,"",@progbits'
